[INFO] Scanning for projects...
[INFO] 
[INFO] ---------------------< edu.projetpi:conexion-3a27 >---------------------
[INFO] Building conexion-3a27 1.0-SNAPSHOT
[INFO]   from pom.xml
[INFO] --------------------------------[ jar ]---------------------------------
[WARNING] 6 problems were encountered while building the effective model for org.openjfx:javafx-controls:jar:17.0.10 during dependency collection step for project (use -X to see details)
[INFO] 
[INFO] --- clean:3.2.0:clean (default-clean) @ conexion-3a27 ---
[INFO] Deleting C:\Users\MSI\Downloads\Compressed\conexion 3A27\target
[INFO] 
[INFO] --- resources:3.4.0:resources (default-resources) @ conexion-3a27 ---
[INFO] Copying 34 resources from src\main\resources to target\classes
[INFO] 
[INFO] --- compiler:3.15.0:compile (default-compile) @ conexion-3a27 ---
[INFO] Recompiling the module because of changed source code.
[INFO] Compiling 80 source files with javac [debug target 17] to target\classes
[INFO] ------------------------------------------------------------------------
[INFO] BUILD SUCCESS
[INFO] ------------------------------------------------------------------------
[INFO] Total time:  3.493 s
[INFO] Finished at: 2026-05-02T23:45:41+01:00
[INFO] ------------------------------------------------------------------------
